Data/Products/4051653300272/4051653300272.csv
ProductID,WeekoftheYear,Date,Price,Quantity,Price_Total_perOrder,Quantity_perWeek
4260705920058,1,2023-01-02,3.59,1,3.59,-1
4260705920058,1,2023-01-06,3.59,1,3.59,-2
4260705920058,1,2023-01-07,3.59,1,3.59,-3
4260705920058,19,2022-05-09,3.49,1,3.49,-1
4260705920058,19,2022-05-10,3.49,1,3.49,-2
4260705920058,19,2022-05-11,3.49,2,6.98,-4
4260705920058,19,2022-05-13,3.49,1,3.49,-5
4260705920058,19,2022-05-14,3.49,1,3.49,-6
4260705920058,20,2022-05-16,3.49,1,3.49,-7
4260705920058,20,2022-05-17,3.49,1,3.49,-8
4260705920058,20,2022-05-18,3.49,1,3.49,-9
4260705920058,20,2022-05-19,3.49,1,3.49,-10
4260705920058,20,2022-05-20,3.49,2,6.98,-12
4260705920058,20,2022-05-21,3.49,2,6.98,-14
4260705920058,21,2022-05-23,3.49,1,3.49,-15
4260705920058,21,2022-05-24,3.49,1,3.49,-16
4260705920058,21,2022-05-25,3.49,2,6.98,-18
4260705920058,21,2022-05-27,3.49,2,6.98,-20
4260705920058,21,2022-05-28,3.49,2,6.98,-22
4260705920058,22,2022-05-30,3.49,1,3.49,-23
4260705920058,22,2022-05-31,3.49,1,3.49,-24
4260705920058,22,2022-06-01,3.49,1,3.49,-25
4260705920058,22,2022-06-03,3.49,1,3.49,-26
4260705920058,22,2022-06-04,3.49,1,3.49,-27
4260705920058,23,2022-06-07,3.49,1,3.49,-28
4260705920058,23,2022-06-09,3.49,1,3.49,-29
4260705920058,23,2022-06-10,3.49,1,3.49,-30
4260705920058,23,2022-06-11,3.49,1,3.49,-31
4260705920058,24,2022-06-13,3.49,1,3.49,-32
4260705920058,24,2022-06-14,3.49,1,3.49,-33
4260705920058,24,2022-06-15,3.49,1,3.49,-34
4260705920058,24,2022-06-16,3.49,1,3.49,-35
4260705920058,24,2022-06-17,3.49,1,3.49,-36
4260705920058,24,2022-06-18,3.49,1,3.49,-37
4260705920058,25,2022-06-22,3.49,1,3.49,-38
4260705920058,25,2022-06-24,3.49,1,3.49,-39
4260705920058,25,2022-06-25,3.49,1,3.49,-40
4260705920058,26,2022-06-28,3.49,1,3.49,-38
4260705920058,26,2022-06-29,3.49,1,3.49,-39
4260705920058,26,2022-07-01,3.49,1,3.49,-40
4260705920058,26,2022-07-02,3.49,1,3.49,-41
4260705920058,27,2022-07-04,3.59,1,3.59,-42
4260705920058,27,2022-07-05,3.59,1,3.59,-39
4260705920058,27,2022-07-06,3.59,1,3.59,-40
4260705920058,27,2022-07-07,3.59,2,7.18,-42
4260705920058,27,2022-07-09,3.59,2,7.18,-44
4260705920058,28,2022-07-12,3.59,1,3.59,-38
4260705920058,28,2022-07-13,3.59,1,3.59,-39
4260705920058,28,2022-07-14,3.59,1,3.59,-40
4260705920058,29,2022-07-19,3.59,1,3.59,-38
4260705920058,29,2022-07-20,3.59,1,3.59,-39
4260705920058,29,2022-07-21,3.59,1,3.59,-40
4260705920058,29,2022-07-22,3.59,1,3.59,-41
4260705920058,29,2022-07-23,3.59,1,3.59,-42
4260705920058,30,2022-07-25,3.59,1,3.59,-43
4260705920058,30,2022-07-26,3.59,1,3.59,-39
4260705920058,30,2022-07-27,3.59,1,3.59,-40
4260705920058,30,2022-07-30,3.59,1,3.59,-41
4260705920058,31,2022-08-04,3.59,2,7.18,-39
4260705920058,32,2022-08-08,3.59,1,3.59,-40
4260705920058,32,2022-08-09,3.59,1,3.59,-39
4260705920058,32,2022-08-10,3.59,1,3.59,-40
4260705920058,32,2022-08-11,3.59,1,3.59,-41
4260705920058,33,2022-08-17,3.59,1,3.59,-38
4260705920058,33,2022-08-18,3.59,1,3.59,-39
4260705920058,34,2022-08-22,3.59,1,3.59,-40
4260705920058,34,2022-08-25,3.59,1,3.59,-39
4260705920058,34,2022-08-26,3.59,1,3.59,-40
4260705920058,34,2022-08-27,3.59,1,3.59,-41
4260705920058,35,2022-08-29,3.59,2,7.18,-43
4260705920058,35,2022-08-30,3.59,1,3.59,-40
4260705920058,35,2022-08-31,3.59,1,3.59,-41
4260705920058,35,2022-09-01,3.59,1,3.59,-42
4260705920058,35,2022-09-02,3.59,1,3.59,-43
4260705920058,35,2022-09-03,3.59,1,3.59,-44
4260705920058,36,2022-09-05,3.59,1,3.59,-45
4260705920058,36,2022-09-07,3.59,1,3.59,-39
4260705920058,36,2022-09-08,3.59,1,3.59,-40
4260705920058,36,2022-09-09,3.59,1,3.59,-41
4260705920058,36,2022-09-10,3.59,2,7.18,-43
4260705920058,37,2022-09-13,3.59,1,3.59,-38
4260705920058,37,2022-09-14,3.59,1,3.59,-39
4260705920058,37,2022-09-15,3.59,1,3.59,-40
4260705920058,39,2022-09-29,3.59,1,3.59,-38
4260705920058,39,2022-09-30,3.59,1,3.59,-38
4260705920058,39,2022-10-01,3.59,1,3.59,-39
4260705920058,40,2022-10-04,3.59,1,3.59,-1
4260705920058,40,2022-10-06,3.59,1,3.59,-2
4260705920058,40,2022-10-08,3.59,1,3.59,-3
4260705920058,41,2022-10-13,3.59,1,3.59,-1
4260705920058,41,2022-10-14,3.59,1,3.59,-2
4260705920058,41,2022-10-15,3.59,1,3.59,-3
4260705920058,42,2022-10-21,3.59,1,3.59,-1
4260705920058,42,2022-10-22,3.59,1,3.59,-2
4260705920058,43,2022-10-25,3.59,1,3.59,-1
4260705920058,43,2022-10-28,3.59,1,3.59,-2
4260705920058,43,2022-10-29,3.59,1,3.59,-3
4260705920058,44,2022-11-01,3.59,1,3.59,-1
4260705920058,44,2022-11-02,3.59,1,3.59,-2
4260705920058,44,2022-11-03,3.59,1,3.59,-3
4260705920058,44,2022-11-04,3.59,1,3.59,-4
4260705920058,45,2022-11-11,3.59,1,3.59,-1
4260705920058,46,2022-11-18,3.59,2,7.18,-2
4260705920058,46,2022-11-19,3.59,1,3.59,-3
4260705920058,47,2022-11-25,3.59,1,3.59,-1
4260705920058,47,2022-11-26,3.59,1,3.59,-2
4260705920058,48,2022-12-02,3.59,1,3.59,-1
4260705920058,48,2022-12-03,3.59,1,3.59,-2
4260705920058,49,2022-12-05,3.59,1,3.59,-3
4260705920058,49,2022-12-06,3.59,1,3.59,-2
4260705920058,49,2022-12-07,3.59,1,3.59,-3
4260705920058,49,2022-12-09,3.59,1,3.59,-4
4260705920058,50,2022-12-12,3.59,1,3.59,-5
4260705920058,50,2022-12-13,3.59,1,3.59,-2
4260705920058,50,2022-12-14,3.59,1,3.59,-3
4260705920058,50,2022-12-16,3.59,1,3.59,-4
4260705920058,50,2022-12-17,3.59,1,3.59,-5
4260705920058,51,2022-12-20,3.59,1,3.59,-1
4260705920058,51,2022-12-21,3.59,1,3.59,-2
4260705920058,51,2022-12-23,3.59,1,3.59,-3
4260705920058,52,2022-12-28,3.59,1,3.59,-1
4260705920058,52,2022-12-30,3.59,1,3.59,-2
4260705920058,52,2022-12-31,3.59,1,3.59,-3
4260705920065,3,2023-01-18,5.69,1,5.69,-1
4260705920065,5,2023-02-02,5.69,1,5.69,-1
4260705920065,19,2022-05-11,5.49,1,5.49,-1
4260705920065,19,2022-05-12,5.49,1,5.49,-2
4260705920065,19,2022-05-13,5.49,1,5.49,-3
4260705920065,20,2022-05-16,5.49,1,5.49,-4
4260705920065,20,2022-05-17,5.49,1,5.49,-5
4260705920065,20,2022-05-18,5.49,1,5.49,-6
4260705920065,20,2022-05-19,5.49,1,5.49,-7
4260705920065,20,2022-05-20,5.49,1,5.49,-8
4260705920065,20,2022-05-21,5.49,1,5.49,-9
4260705920065,21,2022-05-24,5.49,1,5.49,-10
4260705920065,21,2022-05-25,5.49,1,5.49,-11
4260705920065,21,2022-05-27,5.49,1,5.49,-12
4260705920065,21,2022-05-28,5.49,1,5.49,-13
4260705920065,22,2022-05-30,5.49,1,5.49,-14
4260705920065,22,2022-06-01,5.49,1,5.49,-15
4260705920065,22,2022-06-03,5.49,1,5.49,-16
4260705920065,22,2022-06-04,5.49,1,5.49,-17
4260705920065,23,2022-06-07,5.49,1,5.49,-18
4260705920065,23,2022-06-11,5.49,1,5.49,-19
4260705920065,24,2022-06-13,5.49,1,5.49,-20
4260705920065,24,2022-06-14,5.49,1,5.49,-21
4260705920065,24,2022-06-15,5.49,1,5.49,-22
4260705920065,24,2022-06-16,5.49,1,5.49,-23
4260705920065,24,2022-06-17,5.49,1,5.49,-24
4260705920065,24,2022-06-18,5.49,1,5.49,-25
4260705920065,25,2022-06-20,5.49,1,5.49,-26
4260705920065,25,2022-06-21,5.49,1,5.49,-27
4260705920065,25,2022-06-22,5.49,1,5.49,-28
4260705920065,25,2022-06-23,5.49,1,5.49,-29
4260705920065,25,2022-06-24,5.49,1,5.49,-30
4260705920065,25,2022-06-25,5.49,1,5.49,-31
4260705920065,26,2022-06-27,5.49,1,5.49,-32
4260705920065,26,2022-06-29,5.49,1,5.49,-27
4260705920065,26,2022-06-30,5.49,1,5.49,-28
4260705920065,26,2022-07-01,5.49,1,5.49,-29
4260705920065,26,2022-07-02,5.49,1,5.49,-30
4260705920065,27,2022-07-04,5.79,1,5.79,-31
4260705920065,27,2022-07-05,5.79,1,5.79,-27
4260705920065,27,2022-07-06,5.79,1,5.79,-28
4260705920065,27,2022-07-07,5.79,1,5.79,-29
4260705920065,27,2022-07-08,5.79,1,5.79,-30
4260705920065,27,2022-07-09,5.79,1,5.79,-31
4260705920065,28,2022-07-11,5.79,1,5.79,-32
4260705920065,28,2022-07-12,5.79,1,5.79,-27
4260705920065,28,2022-07-13,5.79,1,5.79,-28
4260705920065,28,2022-07-15,5.79,1,5.79,-29
4260705920065,28,2022-07-16,5.79,1,5.79,-30
4260705920065,33,2022-08-17,5.79,1,5.79,-26
4260705920065,33,2022-08-18,5.79,1,5.79,-27
4260705920065,33,2022-08-20,5.79,1,5.79,-28
4260705920065,34,2022-08-23,5.79,1,5.79,-26
4260705920065,34,2022-08-24,5.79,1,5.79,-27
4260705920065,34,2022-08-25,5.79,1,5.79,-28
4260705920065,34,2022-08-26,5.79,1,5.79,-29
4260705920065,34,2022-08-27,5.79,1,5.79,-30
4260705920065,35,2022-08-29,5.79,1,5.79,-31
4260705920065,35,2022-08-30,5.79,1,5.79,-27
4260705920065,35,2022-08-31,5.79,1,5.79,-28
4260705920065,35,2022-09-01,5.79,1,5.79,-29
4260705920065,35,2022-09-02,5.79,1,5.79,-30
4260705920065,35,2022-09-03,5.79,1,5.79,-31
4260705920065,36,2022-09-05,5.79,1,5.79,-32
4260705920065,36,2022-09-07,5.79,1,5.79,-27
4260705920065,36,2022-09-08,5.79,1,5.79,-28
4260705920065,36,2022-09-09,5.79,1,5.79,-29
4260705920065,36,2022-09-10,5.79,1,5.79,-30
4260705920065,37,2022-09-16,5.79,1,5.79,-26
4260705920065,37,2022-09-17,5.79,1,5.79,-27
4260705920065,38,2022-09-23,5.79,2,11.58,-27
4260705920065,38,2022-09-24,5.79,1,5.79,-28
4260705920065,39,2022-09-30,5.79,1,5.79,-26
4260705920065,39,2022-10-01,5.79,1,5.79,-27
4260705920065,40,2022-10-07,5.79,1,5.79,-1
4260705920065,42,2022-10-21,5.69,1,5.69,-1
4260705920065,42,2022-10-22,5.69,1,5.69,-2
4260705920065,43,2022-10-28,5.69,1,5.69,-1
4260705920065,43,2022-10-29,5.69,1,5.69,-2
4260705920065,44,2022-11-02,5.69,1,5.69,-1
4260705920065,44,2022-11-05,5.69,1,5.69,-2
4260705920065,46,2022-11-18,5.69,2,11.38,-2
4260705920065,46,2022-11-19,5.69,1,5.69,-3
4260705920065,47,2022-11-25,5.69,1,5.69,-1
4260705920065,47,2022-11-26,5.69,1,5.69,-2
4260705920133,1,2023-01-07,8.99,1,8.99,-1
4260705920133,2,2023-01-14,8.99,1,8.99,-1
4260705920133,5,2023-01-31,8.99,1,8.99,-1
4260705920133,20,2022-05-20,8.79,1,8.79,-1
4260705920133,34,2022-08-27,8.99,1,8.99,-2
4260705920133,37,2022-09-17,8.99,1,8.99,-2
4260705920133,39,2022-10-01,8.99,1,8.99,-2
4260705920133,47,2022-11-25,8.99,1,8.99,-1
4260705920133,48,2022-12-03,8.99,1,8.99,-1
4260705920133,50,2022-12-17,8.99,1,8.99,-1
4260705920140,1,2023-01-02,8.19,1,8.19,-1
4260705920140,1,2023-01-03,8.19,1,8.19,-2
4260705920140,1,2023-01-04,8.19,2,16.38,-4
4260705920140,1,2023-01-06,8.19,1,8.19,-5
4260705920140,2,2023-01-09,8.19,1,8.19,-1
4260705920140,2,2023-01-11,8.19,1,8.19,-2
4260705920140,2,2023-01-12,8.19,1,8.19,-3
4260705920140,2,2023-01-13,8.19,1,8.19,-4
4260705920140,2,2023-01-14,8.19,1,8.19,-5
4260705920140,3,2023-01-16,8.19,1,8.19,-6
4260705920140,3,2023-01-17,8.19,1,8.19,-7
4260705920140,3,2023-01-19,8.19,1,8.19,-3
4260705920140,3,2023-01-20,8.19,1,8.19,-4
4260705920140,4,2023-01-23,8.19,1,8.19,-1
4260705920140,4,2023-01-24,8.19,1,8.19,-2
4260705920140,4,2023-01-25,8.19,1,8.19,-3
4260705920140,5,2023-01-31,8.19,1,8.19,-1
4260705920140,19,2022-05-10,7.99,1,7.99,-1
4260705920140,19,2022-05-11,7.99,1,7.99,-2
4260705920140,19,2022-05-12,7.99,1,7.99,-3
4260705920140,19,2022-05-13,7.99,1,7.99,-4
4260705920140,19,2022-05-14,7.99,1,7.99,-5
4260705920140,20,2022-05-19,7.99,1,7.99,-6
4260705920140,20,2022-05-20,7.99,1,7.99,-7
4260705920140,20,2022-05-21,7.99,1,7.99,-8
4260705920140,21,2022-05-23,7.99,1,7.99,-9
4260705920140,21,2022-05-24,7.99,1,7.99,-10
4260705920140,21,2022-05-25,7.99,2,15.98,-12
4260705920140,21,2022-05-27,7.99,2,15.98,-14
4260705920140,21,2022-05-28,7.99,1,7.99,-15
4260705920140,22,2022-05-31,7.99,1,7.99,-16
4260705920140,22,2022-06-01,7.99,1,7.99,-17
4260705920140,22,2022-06-03,7.99,1,7.99,-18
4260705920140,23,2022-06-09,7.99,1,7.99,-19
4260705920140,23,2022-06-10,7.99,1,7.99,-20
4260705920140,23,2022-06-11,7.99,2,15.98,-22
4260705920140,24,2022-06-14,7.99,1,7.99,-23
4260705920140,24,2022-06-16,7.99,1,7.99,-24
4260705920140,24,2022-06-17,7.99,2,15.98,-26
4260705920140,25,2022-06-22,7.99,1,7.99,-27
4260705920140,25,2022-06-23,7.99,1,7.99,-28
4260705920140,25,2022-06-24,7.99,1,7.99,-29
4260705920140,25,2022-06-25,7.99,1,7.99,-30
4260705920140,26,2022-06-28,7.99,1,7.99,-27
4260705920140,26,2022-06-29,7.99,1,7.99,-28
4260705920140,26,2022-06-30,7.99,1,7.99,-29
4260705920140,26,2022-07-01,7.99,1,7.99,-30
4260705920140,27,2022-07-09,8.19,1,8.19,-27
4260705920140,28,2022-07-11,8.19,1,8.19,-28
4260705920140,28,2022-07-12,8.19,1,8.19,-28
4260705920140,28,2022-07-13,8.19,1,8.19,-29
4260705920140,28,2022-07-14,8.19,1,8.19,-30
4260705920140,28,2022-07-15,8.19,1,8.19,-31
4260705920140,29,2022-07-18,8.19,1,8.19,-32
4260705920140,29,2022-07-19,8.19,1,8.19,-28
4260705920140,29,2022-07-20,8.19,1,8.19,-29
4260705920140,29,2022-07-21,8.19,1,8.19,-30
4260705920140,29,2022-07-22,8.19,1,8.19,-31
4260705920140,30,2022-07-28,8.19,1,8.19,-27
4260705920140,30,2022-07-30,8.19,1,8.19,-28
4260705920140,31,2022-08-01,8.19,1,8.19,-29
4260705920140,31,2022-08-02,8.19,1,8.19,-28
4260705920140,31,2022-08-04,8.19,1,8.19,-29
4260705920140,31,2022-08-05,8.19,1,8.19,-30
4260705920140,31,2022-08-06,8.19,2,16.38,-32
4260705920140,32,2022-08-08,8.19,1,8.19,-33
4260705920140,32,2022-08-09,8.19,1,8.19,-28
4260705920140,32,2022-08-10,8.19,1,8.19,-29
4260705920140,32,2022-08-11,8.19,1,8.19,-30
4260705920140,32,2022-08-12,8.19,1,8.19,-31
4260705920140,32,2022-08-13,8.19,1,8.19,-32
4260705920140,33,2022-08-16,8.19,1,8.19,-27
4260705920140,33,2022-08-17,8.19,1,8.19,-28
4260705920140,33,2022-08-19,8.19,1,8.19,-29
4260705920140,33,2022-08-20,8.19,1,8.19,-30
4260705920140,34,2022-08-22,8.19,1,8.19,-31
4260705920140,34,2022-08-23,8.19,1,8.19,-28
4260705920140,34,2022-08-27,8.19,1,8.19,-29
4260705920140,35,2022-08-30,8.19,1,8.19,-27
4260705920140,35,2022-08-31,8.19,1,8.19,-28
4260705920140,35,2022-09-02,8.19,1,8.19,-29
4260705920140,36,2022-09-05,8.19,1,8.19,-30
4260705920140,36,2022-09-08,8.19,1,8.19,-28
4260705920140,36,2022-09-09,8.19,1,8.19,-29
4260705920140,37,2022-09-13,8.19,1,8.19,-27
4260705920140,37,2022-09-14,8.19,1,8.19,-28
4260705920140,37,2022-09-16,8.19,1,8.19,-29
4260705920140,38,2022-09-19,8.19,1,8.19,-30
4260705920140,38,2022-09-21,8.19,1,8.19,-28
4260705920140,38,2022-09-22,8.19,1,8.19,-29
4260705920140,38,2022-09-23,8.19,1,8.19,-30
4260705920140,39,2022-09-26,8.19,1,8.19,-31
4260705920140,39,2022-09-27,8.19,1,8.19,-28
4260705920140,39,2022-09-29,8.19,1,8.19,-29
4260705920140,39,2022-09-30,8.19,1,8.19,-27
4260705920140,39,2022-10-01,8.19,2,16.38,-29
4260705920140,40,2022-10-08,8.19,1,8.19,-1
4260705920140,41,2022-10-10,8.19,1,8.19,-2
4260705920140,41,2022-10-11,8.19,1,8.19,-2
4260705920140,41,2022-10-12,8.19,1,8.19,-3
4260705920140,41,2022-10-13,8.19,1,8.19,-4
4260705920140,41,2022-10-14,8.19,1,8.19,-5
4260705920140,42,2022-10-17,8.19,1,8.19,-6
4260705920140,42,2022-10-19,8.19,1,8.19,-2
4260705920140,42,2022-10-21,8.19,1,8.19,-3
4260705920140,42,2022-10-22,8.19,1,8.19,-4
4260705920140,43,2022-10-25,8.19,1,8.19,-1
4260705920140,43,2022-10-28,8.19,1,8.19,-2
4260705920140,43,2022-10-29,8.19,1,8.19,-3
4260705920140,46,2022-11-18,8.19,1,8.19,-1
4260705920140,47,2022-11-24,8.19,1,8.19,-1
4260705920140,47,2022-11-25,8.19,1,8.19,-2
4260705920140,49,2022-12-07,8.19,1,8.19,-1
4260705920140,49,2022-12-08,8.19,1,8.19,-2
4260705920140,49,2022-12-09,8.19,1,8.19,-3
4260705920140,49,2022-12-10,8.19,1,8.19,-4
4260705920140,50,2022-12-15,8.19,1,8.19,-1
4260705920140,50,2022-12-17,8.19,1,8.19,-2
4260705920140,51,2022-12-22,8.19,1,8.19,-1
4260705920140,51,2022-12-23,8.19,1,8.19,-2
4260705920140,52,2022-12-28,8.19,1,8.19,-1
4260705920140,52,2022-12-29,8.19,1,8.19,-2
4260705920140,52,2022-12-30,8.19,1,8.19,-3
4260705920140,52,2022-12-31,8.19,1,8.19,-4
4260705920263,20,2022-05-20,49.99,1,49.99,-1
4260705920263,33,2022-08-20,52.99,1,52.99,-2
4260705920263,35,2022-08-29,52.99,1,52.99,-2
4260705920263,35,2022-09-03,52.99,1,52.99,-3
4260705920263,41,2022-10-15,52.99,1,52.99,-1
4260705920263,42,2022-10-22,52.99,1,52.99,-1
4260705920263,43,2022-10-28,52.99,1,52.99,-1
4260705920263,52,2022-12-31,52.99,1,52.99,-1
4260705920287,5,2023-02-02,45.99,1,45.99,-1
4260705920287,21,2022-05-28,43.99,1,43.99,-1
4260705920287,23,2022-06-10,43.99,1,43.99,-2
4260705920287,31,2022-08-04,45.99,1,45.99,-3
4260705920287,32,2022-08-13,45.99,1,45.99,-3
4260705920287,33,2022-08-20,45.99,1,45.99,-3
4260705920287,36,2022-09-10,45.99,1,45.99,-3
4260705920287,40,2022-10-07,45.99,1,45.99,-1
4260705920287,44,2022-11-04,45.99,1,45.99,-1
4260705920287,50,2022-12-15,45.99,1,45.99,-1
